DB Operation: Open connection
Info:         Beginning database upgrade
Info:         Checking whether journal table exists
DB Operation: Execute scalar command: EXISTS TABLE schemaversions
DB Operation: Dispose command
Info:         Journal table does not exist
Info:         Executing Database Server script 'Script0001.sql'
Info:         Checking whether journal table exists
DB Operation: Execute scalar command: EXISTS TABLE schemaversions
DB Operation: Dispose command
Info:         Creating the `schemaversions` table
DB Operation: Execute non query command: CREATE TABLE `schemaversions`
(
    ScriptName String,
    Applied DateTime
)
ENGINE = MergeTree()
ORDER BY (ScriptName)
DB Operation: Dispose command
Info:         The `schemaversions` table has been created
DB Operation: Execute non query command: print SubstitutedValue
DB Operation: Dispose command
DB Operation: Create parameter
Info:         DB Operation: Add parameter to command: scriptName=Script0001.sql
DB Operation: Create parameter
Info:         DB Operation: Add parameter to command: applied=<date>
DB Operation: Execute non query command: INSERT INTO `schemaversions` (ScriptName, Applied) VALUES (@scriptName, @applied)
DB Operation: Dispose command
Info:         Upgrade successful
DB Operation: Dispose connection
