DB Operation: Open connection
Info:         Beginning database upgrade
Info:         Checking whether journal table exists
DB Operation: Execute scalar command: EXISTS TABLE `test`.`TestSchemaVersions`
DB Operation: Dispose command
Info:         Journal table does not exist
Info:         Executing Database Server script 'Script0001.sql'
Info:         Checking whether journal table exists
DB Operation: Execute scalar command: EXISTS TABLE `test`.`TestSchemaVersions`
DB Operation: Dispose command
Info:         Creating the `test`.`TestSchemaVersions` table
DB Operation: Execute non query command: CREATE TABLE `test`.`TestSchemaVersions`
(
    ScriptName String,
    Applied DateTime
)
ENGINE = MergeTree()
ORDER BY (ScriptName)
DB Operation: Dispose command
Info:         The `test`.`TestSchemaVersions` table has been created
DB Operation: Execute non query command: script1contents
DB Operation: Dispose command
DB Operation: Create parameter
Info:         DB Operation: Add parameter to command: scriptName=Script0001.sql
DB Operation: Create parameter
Info:         DB Operation: Add parameter to command: applied=<date>
DB Operation: Execute non query command: INSERT INTO `test`.`TestSchemaVersions` (ScriptName, Applied) VALUES (@scriptName, @applied)
DB Operation: Dispose command
Info:         Upgrade successful
DB Operation: Dispose connection
